<!doctype html>
<html class="h-full" lang="en">
  <head>
    <meta charset="utf-8" />
    <meta content="width=device-width" name="viewport" />
    <link href="/favicon.svg" rel="icon" sizes="any" type="image/svg+xml" />
    <link href="/sitemap-index.xml" rel="sitemap" />
    <link
      as="font"
      crossorigin="anonymous"
      href="/fonts/Assistant/Assistant.woff2"
      rel="preload"
      type="font/woff2"
    />
    <link
      as="font"
      crossorigin="anonymous"
      href="/fonts/Frank-Ruhl-Libre/Frank-Ruhl-Libre_latin_300-900_normal.woff2"
      rel="preload"
      type="font/woff2"
    />
    <meta
      content="&#34;They're coming to get you, Barbra!&#34;"
      name="description"
    />
    <meta content="rgba(0,0,0,.85)" name="theme-color" />
    <title>404: Not Found - Frank Showalter</title>
  </head>
  <body class="h-full">
    <link
      rel="preload"
      as="image"
      imagesrcset="/_image/?href=%2Ffixtures%2Fassets%2Fbackdrops%2Fhome.png%3ForigWidth%3D2400%26origHeight%3D1350%26origFormat%3Dpng&amp;w=720&amp;h=405&amp;q=80&amp;f=avif 720w, /_image/?href=%2Ffixtures%2Fassets%2Fbackdrops%2Fhome.png%3ForigWidth%3D2400%26origHeight%3D1350%26origFormat%3Dpng&amp;w=1200&amp;h=675&amp;q=80&amp;f=avif 1200w, /_image/?href=%2Ffixtures%2Fassets%2Fbackdrops%2Fhome.png%3ForigWidth%3D2400%26origHeight%3D1350%26origFormat%3Dpng&amp;w=1920&amp;h=1080&amp;q=80&amp;f=avif 1920w, /_image/?href=%2Ffixtures%2Fassets%2Fbackdrops%2Fhome.png%3ForigWidth%3D2400%26origHeight%3D1350%26origFormat%3Dpng&amp;w=2400&amp;h=1350&amp;q=80&amp;f=avif 2400w"
      imagesizes="100vw"
      fetchpriority="high"
    />
    <div class="h-full">
      <a
        class="absolute top-0.5 left-1/2 z-50 mx-auto [transform:translate(-50%,calc(-100%-2px))] bg-subtle px-6 py-2 text-center text-accent focus:[transform:translate(-50%,0%)]"
        href="#content"
        >Skip to content</a
      >
      <div class="flex min-h-full w-full flex-col bg-default">
        <main class="z-10 grow flex flex-col bg-subtle" id="content">
          <header
            class="relative flex min-h-[400px] w-full flex-col content-start items-center justify-end gap-6 bg-[#141414] pt-40 pb-8 text-white tablet:min-h-[640px] tablet:pt-40 tablet:pb-10 laptop:min-h-[clamp(640px,70vh,1350px)] laptop:pt-40 laptop:pb-16 desktop:pb-16"
          >
            <img
              class="absolute inset-0 size-full object-cover object-bottom"
              src="/_image/?href=%2Ffixtures%2Fassets%2Fbackdrops%2Fhome.png%3ForigWidth%3D2400%26origHeight%3D1350%26origFormat%3Dpng&amp;w=2400&amp;h=1350&amp;q=80&amp;f=avif"
              srcset="
                /_image/?href=%2Ffixtures%2Fassets%2Fbackdrops%2Fhome.png%3ForigWidth%3D2400%26origHeight%3D1350%26origFormat%3Dpng&amp;w=720&amp;h=405&amp;q=80&amp;f=avif    720w,
                /_image/?href=%2Ffixtures%2Fassets%2Fbackdrops%2Fhome.png%3ForigWidth%3D2400%26origHeight%3D1350%26origFormat%3Dpng&amp;w=1200&amp;h=675&amp;q=80&amp;f=avif  1200w,
                /_image/?href=%2Ffixtures%2Fassets%2Fbackdrops%2Fhome.png%3ForigWidth%3D2400%26origHeight%3D1350%26origFormat%3Dpng&amp;w=1920&amp;h=1080&amp;q=80&amp;f=avif 1920w,
                /_image/?href=%2Ffixtures%2Fassets%2Fbackdrops%2Fhome.png%3ForigWidth%3D2400%26origHeight%3D1350%26origFormat%3Dpng&amp;w=2400&amp;h=1350&amp;q=80&amp;f=avif 2400w
              "
              height="1350"
              sizes="100vw"
              width="2400"
              alt=""
              fetchpriority="high"
              loading="eager"
            />
            <div
              class="z-10 mx-auto flex w-full max-w-[908px] flex-col px-container after:absolute after:top-0 after:left-0 after:-z-10 after:h-full after:w-full after:bg-linear-to-t after:from-[rgba(0,0,0,.4)] after:via-transparent after:via-10% after:to-100% laptop:max-w-(--breakpoint-desktop)"
            >
              <h1
                class="text-[2rem] leading-10 font-extrabold [text-shadow:1px_1px_2px_#252525] tablet:text-4xl laptop:text-7xl"
              >
                404: Not Found
              </h1>
              <p
                class="mt-1 font-sans text-base [text-shadow:1px_1px_2px_black] laptop:my-4 laptop:text-xl"
              >
                &quot;They&#x27;re coming to get you, Barbra!&quot;
              </p>
            </div>
          </header>
          <div
            class="flex grow flex-col items-center justify-center px-container py-8 text-lg"
          >
            My apologies.
            <div class="mt-8 flex gap-4">
              <a
                class="relative font-semibold text-accent after:absolute after:bottom-0 after:left-0 after:h-px after:w-full after:origin-center after:scale-x-0 after:bg-accent after:transition-transform after:duration-500 hover:after:scale-x-100"
                href="/"
                >Home</a
              ><a
                class="relative font-semibold text-accent after:absolute after:bottom-0 after:left-0 after:h-px after:w-full after:origin-center after:scale-x-0 after:bg-accent after:transition-transform after:duration-500 hover:after:scale-x-100"
                href="https://www.franksmovielog.com/"
                >Movielog</a
              ><a
                class="relative font-semibold text-accent after:absolute after:bottom-0 after:left-0 after:h-px after:w-full after:origin-center after:scale-x-0 after:bg-accent after:transition-transform after:duration-500 hover:after:scale-x-100"
                href="https://www.franksbooklog.com/"
                >Booklog</a
              >
            </div>
          </div>
        </main>
        <div
          class="sticky bottom-0 flex w-full flex-wrap items-start justify-between gap-[10%] bg-footer px-container py-5 text-sm tablet:px-12 desktop:p-10"
        >
          <p
            class="w-full px-container text-center leading-5 font-normal text-inverse"
          >
            All images used in accordance with the<!-- -->
            <a
              class="relative inline-block pr-4 text-inherit underline underline-offset-3 hover:text-accent"
              href="http://www.copyright.gov/title17/92chap1.html#107"
              rel="nofollow"
              >Fair Use Law<svg
                class="absolute top-0.5 right-0 size-3"
                fill="none"
                stroke="currentColor"
                stroke-width="1.5"
                viewBox="0 0 24 24"
                xmlns="http://www.w3.org/2000/svg"
              >
                <path
                  d="M13.5 6H5.25A2.25 2.25 0 0 0 3 8.25v10.5A2.25 2.25 0 0 0 5.25 21h10.5A2.25 2.25 0 0 0 18 18.75V10.5m-10.5 6L21 3m0 0h-5.25M21 3v5.25"
                  stroke-linecap="round"
                  stroke-linejoin="round"
                ></path></svg></a
            >.
          </p>
        </div>
      </div>
    </div>
  </body>
</html>
